---
source: src/tests/parser_stmt.rs
expression: "&resolved"
---
For:
  - Declaration:
      specifiers:
        - int
      init_declarators:
        - name: i
          initializer:
            LiteralInt: 2
        - name: b
          initializer:
            LiteralInt: 4
  - BinaryOp:
      - Add
      - Ident: i
      - LiteralInt: 2
  - Assignment:
      - Assign
      - Ident: i
      - LiteralInt: 2
  - CompoundStatement: []
