---
source: src/tests/pp_builtins.rs
assertion_line: 20
expression: "(tokens, diags)"
---
- - kind: Identifier
    text: const
  - kind: Identifier
    text: char
  - kind: Star
    text: "*"
  - kind: Identifier
    text: s
  - kind: Assign
    text: "="
  - kind: StringLiteral
    text: "\"Jan 28 2026\""
  - kind: Semicolon
    text: ;
- - "Warning: Redefinition of built-in macro '__DATE__'"
