---
source: src/tests/pp_expressions.rs
expression: tokens
---
- kind: Identifier
  text: int
- kind: Identifier
  text: add_mul
- kind: Assign
  text: "="
- kind: Number
  text: "1"
- kind: Semicolon
  text: ;
- kind: Identifier
  text: int
- kind: Identifier
  text: add_mul_grouped
- kind: Assign
  text: "="
- kind: Number
  text: "1"
- kind: Semicolon
  text: ;
- kind: Identifier
  text: int
- kind: Identifier
  text: sub
- kind: Assign
  text: "="
- kind: Number
  text: "1"
- kind: Semicolon
  text: ;
- kind: Identifier
  text: int
- kind: Identifier
  text: div
- kind: Assign
  text: "="
- kind: Number
  text: "1"
- kind: Semicolon
  text: ;
- kind: Identifier
  text: int
- kind: Identifier
  text: rem
- kind: Assign
  text: "="
- kind: Number
  text: "1"
- kind: Semicolon
  text: ;
