---
source: src/tests/semantic_initializers.rs
expression: mir
---
type %t0 = i32
type %t1 = struct contains_empty { a: %t2, empty: %t3, b: %t2 }
type %t2 = u8
type %t3 = struct anonymous {  }

global @.L.str0: %t3 = const struct_literal {  }
global @ce: %t1 = const struct_literal { 0: const 1, 1: const struct_literal {  }, 2: const 18 }

fn main() -> i32
{

  bb1:
    return const 0
}
