---
source: src/tests/pp_lexer.rs
assertion_line: 113
expression: tokens
---
- kind: Plus
  flags: ""
  text: +
- kind: Minus
  flags: LEADING_SPACE
  text: "-"
- kind: Star
  flags: LEADING_SPACE
  text: "*"
- kind: Slash
  flags: LEADING_SPACE
  text: /
- kind: Percent
  flags: LEADING_SPACE
  text: "%"
- kind: And
  flags: LEADING_SPACE
  text: "&"
- kind: Or
  flags: LEADING_SPACE
  text: "|"
- kind: Xor
  flags: LEADING_SPACE
  text: ^
- kind: Not
  flags: LEADING_SPACE
  text: "!"
- kind: Tilde
  flags: LEADING_SPACE
  text: "~"
- kind: Less
  flags: LEADING_SPACE
  text: "<"
- kind: Greater
  flags: LEADING_SPACE
  text: ">"
- kind: LessEqual
  flags: LEADING_SPACE
  text: "<="
- kind: GreaterEqual
  flags: LEADING_SPACE
  text: ">="
- kind: Equal
  flags: LEADING_SPACE
  text: "=="
- kind: NotEqual
  flags: LEADING_SPACE
  text: "!="
- kind: LeftShift
  flags: LEADING_SPACE
  text: "<<"
- kind: RightShift
  flags: LEADING_SPACE
  text: ">>"
- kind: Assign
  flags: LEADING_SPACE
  text: "="
- kind: PlusAssign
  flags: LEADING_SPACE
  text: +=
- kind: MinusAssign
  flags: LEADING_SPACE
  text: "-="
- kind: StarAssign
  flags: LEADING_SPACE
  text: "*="
- kind: DivAssign
  flags: LEADING_SPACE
  text: /=
- kind: ModAssign
  flags: LEADING_SPACE
  text: "%="
- kind: AndAssign
  flags: LEADING_SPACE
  text: "&="
- kind: OrAssign
  flags: LEADING_SPACE
  text: "|="
- kind: XorAssign
  flags: LEADING_SPACE
  text: ^=
- kind: LeftShiftAssign
  flags: LEADING_SPACE
  text: "<<="
- kind: RightShiftAssign
  flags: LEADING_SPACE
  text: ">>="
- kind: Increment
  flags: LEADING_SPACE
  text: ++
- kind: Decrement
  flags: LEADING_SPACE
  text: "--"
- kind: Arrow
  flags: LEADING_SPACE
  text: "->"
- kind: Dot
  flags: LEADING_SPACE
  text: "."
- kind: Question
  flags: LEADING_SPACE
  text: "?"
- kind: Colon
  flags: LEADING_SPACE
  text: ":"
- kind: Comma
  flags: LEADING_SPACE
  text: ","
- kind: Semicolon
  flags: LEADING_SPACE
  text: ;
- kind: LeftParen
  flags: LEADING_SPACE
  text: (
- kind: RightParen
  flags: LEADING_SPACE
  text: )
- kind: LeftBracket
  flags: LEADING_SPACE
  text: "["
- kind: RightBracket
  flags: LEADING_SPACE
  text: "]"
- kind: LeftBrace
  flags: LEADING_SPACE
  text: "{"
- kind: RightBrace
  flags: LEADING_SPACE
  text: "}"
- kind: Ellipsis
  flags: LEADING_SPACE
  text: "..."
- kind: LogicAnd
  flags: LEADING_SPACE
  text: "&&"
- kind: LogicOr
  flags: LEADING_SPACE
  text: "||"
- kind: Hash
  flags: LEADING_SPACE | STARTS_PP_LINE
  text: "#"
- kind: HashHash
  flags: LEADING_SPACE
  text: "##"
- kind: Eod
  flags: ""
  text: ""
