---
source: src/tests/pp_expressions.rs
expression: tokens
---
- kind: Identifier
  text: int
- kind: Identifier
  text: less
- kind: Assign
  text: "="
- kind: Number
  text: "1"
- kind: Semicolon
  text: ;
- kind: Identifier
  text: int
- kind: Identifier
  text: less_equal
- kind: Assign
  text: "="
- kind: Number
  text: "1"
- kind: Semicolon
  text: ;
- kind: Identifier
  text: int
- kind: Identifier
  text: greater
- kind: Assign
  text: "="
- kind: Number
  text: "1"
- kind: Semicolon
  text: ;
- kind: Identifier
  text: int
- kind: Identifier
  text: greater_equal
- kind: Assign
  text: "="
- kind: Number
  text: "1"
- kind: Semicolon
  text: ;
- kind: Identifier
  text: int
- kind: Identifier
  text: equal
- kind: Assign
  text: "="
- kind: Number
  text: "1"
- kind: Semicolon
  text: ;
- kind: Identifier
  text: int
- kind: Identifier
  text: not_equal
- kind: Assign
  text: "="
- kind: Number
  text: "1"
- kind: Semicolon
  text: ;
