---
source: src/tests/lexer.rs
expression: snapshot_lexer_cases(operators)
---
- - +
  - - Plus
- - "-"
  - - Minus
- - "*"
  - - Star
- - /
  - - Slash
- - "%"
  - - Percent
- - "&"
  - - And
- - "|"
  - - Or
- - ^
  - - Xor
- - "!"
  - - Not
- - "~"
  - - Tilde
- - "<"
  - - Less
- - ">"
  - - Greater
- - "<="
  - - LessEqual
- - ">="
  - - GreaterEqual
- - "=="
  - - Equal
- - "!="
  - - NotEqual
- - "<<"
  - - LeftShift
- - ">>"
  - - RightShift
- - "="
  - - Assign
- - +=
  - - PlusAssign
- - "-="
  - - MinusAssign
- - "*="
  - - StarAssign
- - /=
  - - DivAssign
- - "%="
  - - ModAssign
- - "&="
  - - AndAssign
- - "|="
  - - OrAssign
- - ^=
  - - XorAssign
- - "<<="
  - - LeftShiftAssign
- - ">>="
  - - RightShiftAssign
- - ++
  - - Increment
- - "--"
  - - Decrement
- - "->"
  - - Arrow
- - "."
  - - Dot
- - "?"
  - - Question
- - ":"
  - - Colon
- - ","
  - - Comma
- - ;
  - - Semicolon
- - (
  - - LeftParen
- - )
  - - RightParen
- - "["
  - - LeftBracket
- - "]"
  - - RightBracket
- - "{"
  - - LeftBrace
- - "}"
  - - RightBrace
- - "..."
  - - Ellipsis
- - "&&"
  - - LogicAnd
- - "||"
  - - LogicOr
