---
source: src/tests/pp_macro_nested.rs
expression: tokens
---
- kind: LeftParen
  text: (
- kind: LeftParen
  text: (
- kind: Identifier
  text: unsigned
- kind: RightParen
  text: )
- kind: LeftParen
  text: (
- kind: LeftParen
  text: (
- kind: LeftParen
  text: (
- kind: Identifier
  text: unsigned
- kind: RightParen
  text: )
- kind: LeftParen
  text: (
- kind: Identifier
  text: i
- kind: RightParen
  text: )
- kind: RightParen
  text: )
- kind: RightParen
  text: )
- kind: RightParen
  text: )
