---
source: src/tests/semantic_loop_init_regression.rs
expression: mir_dump
---
type %t0 = i32

fn main() -> i32
{
  locals {
    %i: i32
    %2: i32
  }

  bb1:
    %i = const 0
    br bb2

  bb2:
    %2 = %i < cast<i32>(const 10)
    cond_br %2, bb3, bb5

  bb3:
    br bb4

  bb4:
    %i = %i + const 1
    br bb2

  bb5:
    return const 0
}
