---
source: src/tests/parser_lexical.rs
expression: map
---
_Alignas: Alignas
_Alignof: Alignof
_Atomic: Atomic
_Bool: Bool
_Complex: Complex
_Generic: Generic
_Noreturn: Noreturn
_Static_assert: StaticAssert
_Thread_local: ThreadLocal
auto: Auto
break: Break
case: Case
char: Char
const: Const
continue: Continue
default: Default
do: Do
double: Double
else: Else
enum: Enum
extern: Extern
float: Float
for: For
goto: Goto
if: If
inline: Inline
int: Int
long: Long
register: Register
restrict: Restrict
return: Return
short: Short
signed: Signed
sizeof: Sizeof
static: Static
struct: Struct
switch: Switch
typedef: Typedef
union: Union
unsigned: Unsigned
void: Void
volatile: Volatile
while: While
