---
source: src/tests/control_flow_goto.rs
expression: mir
---
type %t0 = void
type %t1 = i32
type %t2 = i8
type %t3 = ptr<%t2>
type %t4 = fn(%t3, ...) -> %t1
type %t5 = [8]%t2
type %t6 = [8]%t2
type %t7 = [6]%t2
type %t8 = [6]%t2

global @.L.str0: [8]i8 = const "b = %d\n"
global @.L.str1: [6]i8 = const "done\n"

fn henry() -> void
{
  locals {
    %a: i32
    %b: i32
  }

  bb1:
    br bb2

  bb2:
    %b = const 1234
    call printf(cast<ptr<i8>>(const @.L.str0), %b)
    call printf(cast<ptr<i8>>(const @.L.str1))
    return
}

extern fn printf(%param0: ptr<i8>, ...) -> i32
