---
source: src/tests/pp_gnu_extensions.rs
assertion_line: 11
expression: tokens
---
- kind: Identifier
  text: printf
- kind: LeftParen
  text: (
- kind: StringLiteral
  text: "\"foo\""
- kind: RightParen
  text: )
- kind: Semicolon
  text: ;
- kind: Identifier
  text: printf
- kind: LeftParen
  text: (
- kind: StringLiteral
  text: "\"bar\""
- kind: Comma
  text: ","
- kind: Number
  text: "1"
- kind: RightParen
  text: )
- kind: Semicolon
  text: ;
