---
source: src/tests/pp_lexer.rs
expression: snapshot_pp_lexer(source)
---
- kind: "StringLiteral(\"L\\\"hello\\\"\")"
  text: "L\"hello\""
  flags: []
- kind: "StringLiteral(\"u\\\"world\\\"\")"
  text: "u\"world\""
  flags:
    - LEADING_SPACE
- kind: "StringLiteral(\"U\\\"test\\\"\")"
  text: "U\"test\""
  flags:
    - LEADING_SPACE
