---
source: src/tests/lexer.rs
expression: tokens
---
- Plus
- Minus
- Star
- Slash
- Percent
- And
- Or
- Xor
- Not
- Tilde
- Less
- Greater
- LessEqual
- GreaterEqual
- Equal
- NotEqual
- LeftShift
- RightShift
- Assign
- PlusAssign
- MinusAssign
- StarAssign
- DivAssign
- ModAssign
- AndAssign
- OrAssign
- XorAssign
- LeftShiftAssign
- RightShiftAssign
- Increment
- Decrement
- Arrow
- Dot
- Question
- Colon
- Comma
- Semicolon
- Ellipsis
- LogicAnd
- LogicOr
- LeftParen
- RightParen
- LeftBracket
- RightBracket
- LeftBrace
- RightBrace
