---
source: src/tests/ast_dumper_coverage.rs
expression: output
---
1: TranslationUnit(decls=[3])
3: FunctionDef(ParsedFunctionDefData { specifiers: [TypeSpecifier(Int)], declarator: Function { inner: Identifier("f", TypeQualifiers(0x0)), params: [], is_variadic: false }, body: 4 })
4: CompoundStatement(stmts=[9])
5: LiteralInt(1, None)
6: GenericSelection(5, [ParsedGenericAssociation { type_name: Some(ParsedType { base: 1, declarator: 1, qualifiers: TypeQualifiers(0x0) }), result_expr: 7 }, ParsedGenericAssociation { type_name: None, result_expr: 8 }])
7: LiteralInt(1, None)
8: LiteralInt(0, None)
9: Return(6)
